ASxxxx Linker V03.00 + NoICE + sdld,  page 1.
Hexadecimal  [32-Bits]

Area                                    Addr        Size        Decimal Bytes (Attributes)
--------------------------------        ----        ----        ------- ----- ------------
.  .ABS.                            00000000    00000000 =           0. bytes (ABS,CON)

      Value  Global                              Global Defined In Module
      -----  --------------------------------   ------------------------
     00000000  .__.ABS.                           
     00000000  l__CABS                         
     00000000  l__DABS                         
     00000000  l__GSFINAL                      
     00000000  l__HOME                         
     00000000  l__INITIALIZED                  
     00000000  l__INITIALIZER                  
     00000000  s__CABS                         
     00000000  s__DABS                         
     00000008  l__GSINIT                       
     00000040  s__CODE                         
     00000051  l__DATA                         
     000022FB  l__CODE                         
     0000233B  s__DATA                         
     0000238C  s__GSINIT                       
     0000238C  s__HOME                         
     0000238C  s__INITIALIZED                  
     00002394  s__GSFINAL                      
     00002394  s__INITIALIZER                  

ASxxxx Linker V03.00 + NoICE + sdld,  page 2.
Hexadecimal  [32-Bits]

Area                                    Addr        Size        Decimal Bytes (Attributes)
--------------------------------        ----        ----        ------- ----- ------------
_CODE                               00000040    000022FB =        8955. bytes (REL,CON)

      Value  Global                              Global Defined In Module
      -----  --------------------------------   ------------------------
     00000040  _s_fonts_1                         font_chars_1
     000001C3  _g_palette1                        g_palette1
     000001C7  _s_costs_0                         costs
     000001D3  _s_costs_1                         costs
     000001DF  _s_costs_2                         costs
     000001EB  _s_costs_3                         costs
     000001F7  _s_costs_4                         costs
     00000203  _s_costs_5                         costs
     0000020F  _s_fonts_0                         font_chars_0
     00000503  _s_cards_0                         cards
     0000064B  _s_cards_1                         cards
     00000793  _g_palette0                        g_palette0
     000007A3  _myInterruptHandler                main
     0000085E  _card_types                        main
     000008C8  _card_sprite                       main
     000008CC  _card_description                  main
     00000930  _cost_sprite                       main
     0000093C  _initCPC                           main
     00000972  _check_keyboard                    main
     000009C4  _draw_cards                        main
     00000CB2  _update_selected_card              main
     00000D2D  _init_cards                        main
     00000D64  _main                              main
     00000DF4  _strLength                         text
     00000E0A  _swapColors                        text
     00000E22  _strCopy                           text
     00000E4B  _strCmp                            text
     00000E8E  _drawTextM1                        text
     000010A0  _drawText                          text
     0000146F  _cpct_setPalette                   cpct_video
     00001486  _cpct_isKeyPressed                 cpct_keyboard
     00001486  cpct_isKeyPressed_asm              cpct_keyboard
     00001492  _cpct_setPALColour                 cpct_video
     0000149E  _cpct_drawSprite                   cpct_sprites
     00001543  __moduchar                         
     0000154F  __moduint                          
     0000155A  _cpct_keyboardStatusBuffer         cpct_keyboard
     00001564  _cpct_waitHalts                    cpct_memutils
     00001569  __divuint                          
     00001571  __divuchar                         
     00001578  __divu8                            
     0000157B  __divu16                           
     000015AA  _cpct_setStackLocation             cpct_memutils
     000015AA  cpct_setStackLocation_asm          cpct_memutils
     000015CE  _vsprintf                          sprintf
     00001603  _sprintf                           sprintf
     00001638  _cpct_waitVSYNC                    cpct_video
     00001638  cpct_waitVSYNC_asm                 cpct_video
     00001640  _cpct_setVideoMode                 cpct_video
     0000164E  _cpct_memset                       cpct_memutils
ASxxxx Linker V03.00 + NoICE + sdld,  page 3.
Hexadecimal  [32-Bits]

Area                                    Addr        Size        Decimal Bytes (Attributes)
--------------------------------        ----        ----        ------- ----- ------------
_CODE                               00000040    000022FB =        8955. bytes (REL,CON)

      Value  Global                              Global Defined In Module
      -----  --------------------------------   ------------------------
     0000165C  _cpct_disableFirmware              cpct_firmware
     0000165C  _cpct_removeInterruptHandler       cpct_firmware
     0000165C  cpct_disableFirmware_asm           cpct_firmware
     0000165C  cpct_removeInterruptHandler_asm    cpct_firmware
     0000166C  _cpct_getRandom_mxor_u8            cpct_random
     0000166C  cpct_getRandom_mxor_u8_asm         cpct_random
     0000166D  cpct_randomIdx_mxor_u8             cpct_random
     00001691  _cpct_drawSolidBox                 cpct_sprites
     0000173B  _cpct_mode_rom_status              cpct_firmware
     0000173C  _cpct_setCRTCReg                   cpct_video
     0000174A  _cpct_getScreenPtr                 cpct_video
     0000176A  _cpct_scanKeyboard                 cpct_keyboard
     0000176A  cpct_scanKeyboard_asm              cpct_keyboard
     0000179B  _cpct_setInterruptHandler          cpct_firmware
     0000179B  cpct_setInterruptHandler_asm       cpct_firmware
     000017AC  cpct_safeInterruptHandlerHook      cpct_firmware
     000017C3  _cpct_mxor32_seed                  cpct_random
     000018C6  __print_format                     printf_large
     00002308  _cpct_nextRandom_mxor_u32          cpct_random
     00002308  cpct_nextRandom_mxor_u32_asm       cpct_random
     0000232B  ___sdcc_call_hl                    
     0000232C  _strlen                            
ASxxxx Linker V03.00 + NoICE + sdld,  page 4.
Hexadecimal  [32-Bits]

Area                                    Addr        Size        Decimal Bytes (Attributes)
--------------------------------        ----        ----        ------- ----- ------------
_DATA                               0000233B    00000051 =          81. bytes (REL,CON)

      Value  Global                              Global Defined In Module
      -----  --------------------------------   ------------------------
     0000233B  _i_time                            main
     0000233F  _pvmem                             main
     00002341  _aux_txt                           main
     00002373  _selected_card                     main
     00002374  _previous_card                     main
     00002375  _cards                             main
     00002389  _num_cards                         main
     0000238A  _moved                             main

ASxxxx Linker V03.00 + NoICE + sdld,  page 5.
Hexadecimal  [32-Bits]

Area                                    Addr        Size        Decimal Bytes (Attributes)
--------------------------------        ----        ----        ------- ----- ------------
_GSINIT                             0000238C    00000008 =           8. bytes (REL,CON)

      Value  Global                              Global Defined In Module
      -----  --------------------------------   ------------------------
ASxxxx Linker V03.00 + NoICE + sdld,  page 6.

Files Linked                              [ module(s) ]

obj/sprites/font_chars_1.rel              [ font_chars_1 ]
obj/sprites/g_palette1.rel                [ g_palette1 ]
obj/sprites/costs.rel                     [ costs ]
obj/sprites/font_chars_0.rel              [ font_chars_0 ]
obj/sprites/cards.rel                     [ cards ]
obj/sprites/g_palette0.rel                [ g_palette0 ]
obj/main.rel                              [ main ]
obj/text/text.rel                         [ text ]


Libraries Linked                          [ object file ]

/mnt/c/sources/retro/cpctelera/cpctelera/cpctelera.lib
                                          [ cpct_setPalette_cbindings.rel ]
/mnt/c/sources/retro/cpctelera/cpctelera/cpctelera.lib
                                          [ cpct_isKeyPressed.rel ]
/mnt/c/sources/retro/cpctelera/cpctelera/cpctelera.lib
                                          [ cpct_setPALColour_cbindings.rel ]
/mnt/c/sources/retro/cpctelera/cpctelera/cpctelera.lib
                                          [ cpct_drawSprite_cbindings.rel ]
/mnt/c/sources/retro/cpctelera/cpctelera/tools/sdcc-3.6.8-r9946/bin/../share/sdcc/lib/z80/z80.lib
                                          [ modunsigned.rel ]
/mnt/c/sources/retro/cpctelera/cpctelera/cpctelera.lib
                                          [ keyboard.rel ]
/mnt/c/sources/retro/cpctelera/cpctelera/cpctelera.lib
                                          [ cpct_waitHalts_cbindings.rel ]
/mnt/c/sources/retro/cpctelera/cpctelera/tools/sdcc-3.6.8-r9946/bin/../share/sdcc/lib/z80/z80.lib
                                          [ divunsigned.rel ]
/mnt/c/sources/retro/cpctelera/cpctelera/cpctelera.lib
                                          [ cpct_setStackLocation.rel ]
/mnt/c/sources/retro/cpctelera/cpctelera/tools/sdcc-3.6.8-r9946/bin/../share/sdcc/lib/z80/z80.lib
                                          [ sprintf.rel ]
/mnt/c/sources/retro/cpctelera/cpctelera/cpctelera.lib
                                          [ cpct_waitVSYNC.rel ]
/mnt/c/sources/retro/cpctelera/cpctelera/cpctelera.lib
                                          [ cpct_setVideoMode_cbindings.rel ]
/mnt/c/sources/retro/cpctelera/cpctelera/cpctelera.lib
                                          [ cpct_memset_cbinding.rel ]
/mnt/c/sources/retro/cpctelera/cpctelera/cpctelera.lib
                                          [ cpct_removeInterruptHandler.rel ]
/mnt/c/sources/retro/cpctelera/cpctelera/cpctelera.lib
                                          [ cpct_getRandom_mxor_u8.rel ]
/mnt/c/sources/retro/cpctelera/cpctelera/cpctelera.lib
                                          [ cpct_drawSolidBox_cbindings.rel ]
/mnt/c/sources/retro/cpctelera/cpctelera/cpctelera.lib
                                          [ cpc_mode_rom_status.rel ]
/mnt/c/sources/retro/cpctelera/cpctelera/cpctelera.lib
                                          [ cpct_setCRTCReg_cbindings.rel ]
/mnt/c/sources/retro/cpctelera/cpctelera/cpctelera.lib
                                          [ cpct_getScreenPtr_cbindings.rel ]
/mnt/c/sources/retro/cpctelera/cpctelera/cpctelera.lib
                                          [ cpct_scanKeyboard.rel ]
/mnt/c/sources/retro/cpctelera/cpctelera/cpctelera.lib
                                          [ cpct_setInterruptHandler.rel ]
/mnt/c/sources/retro/cpctelera/cpctelera/cpctelera.lib
                                          [ cpct_mxor32_seed.rel ]
/mnt/c/sources/retro/cpctelera/cpctelera/tools/sdcc-3.6.8-r9946/bin/../share/sdcc/lib/z80/z80.lib
                                          [ printf_large.rel ]
/mnt/c/sources/retro/cpctelera/cpctelera/cpctelera.lib
                                          [ cpct_nextRandom_mxor_u32.rel ]
/mnt/c/sources/retro/cpctelera/cpctelera/tools/sdcc-3.6.8-r9946/bin/../share/sdcc/lib/z80/z80.lib
                                          [ __sdcc_call_hl.rel ]
/mnt/c/sources/retro/cpctelera/cpctelera/tools/sdcc-3.6.8-r9946/bin/../share/sdcc/lib/z80/z80.lib
                                          [ strlen.rel ]

ASxxxx Linker V03.00 + NoICE + sdld,  page 7.

User Base Address Definitions

_CODE = 0x0040
_DATA = 0x0000

